==============================================================================
Parameterization :: To validate the parameterize                              
==============================================================================
Invalid username                                                      | PASS |
------------------------------------------------------------------------------
Parameterization :: To validate the parameterize                      | PASS |
1 test, 1 passed, 0 failed
==============================================================================
Output:  /home/costrategix/PycharmProjects/Sample/test/pabot_results/0/output.xml
